KEYWORD("wire")
IDENTIFIER("some_wire_1")
OPERATOR("=")
KEYWORD("and")
LPAREN("(")
DIGIT("0")
COMMA(",")
DIGIT("1")
RPAREN(")")
SEMICOLON(";")
KEYWORD("wire")
IDENTIFIER("some_wire_2")
OPERATOR("=")
KEYWORD("or")
LPAREN("(")
DIGIT("0")
COMMA(",")
DIGIT("1")
RPAREN(")")
SEMICOLON(";")
KEYWORD("wire")
IDENTIFIER("some_wire_3")
OPERATOR("=")
KEYWORD("and")
LPAREN("(")
DIGIT("1")
COMMA(",")
DIGIT("1")
RPAREN(")")
SEMICOLON(";")
