KEYWORD("wire")
IDENTIFIER("w1")
OPERATOR("=")
KEYWORD("and")
LPAREN("(")
DIGIT("0")
COMMA(",")
KEYWORD("or")
LPAREN("(")
DIGIT("0")
COMMA(",")
KEYWORD("and")
LPAREN("(")
DIGIT("1")
COMMA(",")
DIGIT("1")
RPAREN(")")
RPAREN(")")
RPAREN(")")
SEMICOLON(";")
KEYWORD("print")
LPAREN("(")
IDENTIFIER("w1")
RPAREN(")")
SEMICOLON(";")
