|-> Program
  |-> Declaration
    |-> KEYWORD("wire")
    |-> IDENTIFIER("w1")
    |-> OPERATOR("=")
    |-> GateExpression
      |-> KEYWORD("and")
      |-> DIGIT("0")
      |-> GateExpression
        |-> KEYWORD("or")
        |-> DIGIT("0")
        |-> GateExpression
          |-> KEYWORD("and")
          |-> DIGIT("1")
          |-> DIGIT("1")
  |-> PrintStmt
    |-> KEYWORD("print")
    |-> IDENTIFIER("w1")
