LOAD r1, 1
LOAD r2, 0
OR t1, r1, r2
OR t2, 1, t1
MOV w1, t2
AND t3, r1, r2
MOV w2, t3
PRINT w1
PRINT w2
NOT t4, w1
MOV w3, t4
PRINT w3