KEYWORD("reg")
IDENTIFIER("r1")
OPERATOR("=")
KEYWORD("and")
LPAREN("(")
KEYWORD("or")
LPAREN("(")
DIGIT("0")
COMMA(",")
DIGIT("1")
RPAREN(")")
COMMA(",")
DIGIT("1")
RPAREN(")")
SEMICOLON(";")
