LOAD r1, 1
LOAD r2, 0
LOAD r3, 1
LOAD r4, 1
LOAD r5, 1
AND t1, r1, r2
MOV w1, t1
OR t2, r2, r3
MOV w2, t2
AND t3, w1, w2
MOV w3, t3
NOT t4, w3
MOV w4, t4
NOT t5, r4
MOV w5, t5
OR t6, w5, r5
MOV w6, t6
AND t7, w4, w6
MOV out, t7
PRINT out