KEYWORD("wire")
IDENTIFIER("w1")
OPERATOR("=")
KEYWORD("not")
LPAREN("(")
DIGIT("0")
COMMA(",")
DIGIT("1")
COMMA(",")
DIGIT("1")
RPAREN(")")
SEMICOLON(";")
