|-> Program
  |-> Declaration
    |-> KEYWORD("wire")
    |-> IDENTIFIER("w1")
    |-> OPERATOR("=")
    |-> GateExpression
      |-> KEYWORD("not")
      |-> DIGIT("0")
      |-> DIGIT("1")
      |-> DIGIT("1")
