|-> Program
  |-> Declaration
    |-> KEYWORD("wire")
    |-> IDENTIFIER("wire123")
    |-> OPERATOR("=")
    |-> GateExpression
      |-> KEYWORD("or")
      |-> IDENTIFIER("orr")
      |-> IDENTIFIER("andd")
  |-> Declaration
    |-> KEYWORD("reg")
    |-> IDENTIFIER("r1")
    |-> OPERATOR("=")
    |-> GateExpression
      |-> KEYWORD("and")
      |-> IDENTIFIER("andd")
      |-> IDENTIFIER("orr")
