KEYWORD("wire")
IDENTIFIER("wire123")
OPERATOR("=")
KEYWORD("or")
LPAREN("(")
IDENTIFIER("orr")
COMMA(",")
IDENTIFIER("andd")
RPAREN(")")
SEMICOLON(";")
KEYWORD("reg")
IDENTIFIER("r1")
OPERATOR("=")
KEYWORD("and")
LPAREN("(")
IDENTIFIER("andd")
COMMA(",")
IDENTIFIER("orr")
RPAREN(")")
SEMICOLON(";")
