Parse error: Invalid token at index 4 (KEYWORD("or")).