AND t1, 1, 1
MOV w1, t1
MOV w2, 0
MOV w3, 1
OR t2, 0, 0
MOV w4, t2
NOT t3, w4
MOV w5, t3
XOR t4, 0, 1
MOV w6, t4
PRINT w1
PRINT w2
PRINT w3
PRINT w4
PRINT w5
PRINT w6