LOAD r1, 1
LOAD r2, 0
LOAD r3, 1
LOAD r4, 1
LOAD r5, 0
AND t1, r1, r2
MOV w1, t1
OR t2, w1, r3
MOV w2, t2
NOT t3, w2
MOV w3, t3
NOT t4, r4
MOV w4, t4
AND t5, w4, r5
MOV w5, t5
NOT t6, w5
MOV w6, t6
OR t7, w3, w6
MOV out, t7
PRINT out