Lexing file: invalid_tokens.circuit
Tokens:
Token.KEYWORD (Lexeme = 'wire')
Token.IDENTIFIER (Lexeme = 'invalid')
Token.IDENTIFIER (Lexeme = 'id')
Token.SEMICOLON (Lexeme = ';')
Token.KEYWORD (Lexeme = 'reg')
Token.IDENTIFIER (Lexeme = 'invalid_op')
Token.OPERATOR (Lexeme = '=')
Token.DIGIT (Lexeme = '0')
Token.SEMICOLON (Lexeme = ';')
Token.KEYWORD (Lexeme = 'reg')
Token.IDENTIFIER (Lexeme = 'invalid_digit')
Token.OPERATOR (Lexeme = '=')
Token.SEMICOLON (Lexeme = ';')

Errors:
Error parsing '-' at index 12.
Error parsing '!' at index 34.
Error parsing '2' at index 58.
