Lexing file: maximal_munch.circuit
Tokens:
Token.OPERATOR (Lexeme = '==')
Token.OPERATOR (Lexeme = '==')
Token.OPERATOR (Lexeme = '=')
Token.KEYWORD (Lexeme = 'wire')
Token.IDENTIFIER (Lexeme = 'wire123')
Token.SEMICOLON (Lexeme = ';')
Token.KEYWORD (Lexeme = 'reg')
Token.IDENTIFIER (Lexeme = 'r1')
Token.OPERATOR (Lexeme = '=')
Token.KEYWORD (Lexeme = 'and')
Token.LPAREN (Lexeme = '(')
Token.IDENTIFIER (Lexeme = 'andd')
Token.COMMA (Lexeme = ',')
Token.IDENTIFIER (Lexeme = 'orr')
Token.RPAREN (Lexeme = ')')
Token.SEMICOLON (Lexeme = ';')
